// Jest Snapshot v1, https://goo.gl/fbAQLP

exports[`Testing Mask component renders as expected 1`] = `
<TouchableWithoutFeedback
  onPress={[Function]}
>
  <View
    style={
      Array [
        Object {
          "backgroundColor": "rgba(0,0,0,0.5)",
          "bottom": 0,
          "left": 0,
          "position": "absolute",
          "right": 0,
          "top": 0,
        },
        undefined,
      ]
    }
  />
</TouchableWithoutFeedback>
`;
